<html>
<body>
<pre>
<h1>µVision Build Log</h1>
<h2>Tool Versions:</h2>
IDE-Version: ¦ÌVision V5.14.0.0
Copyright (C) 2015 ARM Ltd and ARM Germany GmbH. All rights reserved.
License Information:  ,  , LIC=Z3CTG-VCJ1G-RD7K3-AMMA3-GE9BX-0WHU5
 
Tool Versions:
Toolchain:       MDK-ARM Professional  Version: 5.14.0.0
Toolchain Path:  C:\Keil_v5\ARM\ARMCC\Bin
C Compiler:      Armcc.exe V5.05 update 1 (build 106)
Assembler:       Armasm.exe V5.05 update 1 (build 106)
Linker/Locator:  ArmLink.exe V5.05 update 1 (build 106)
Library Manager: ArmAr.exe V5.05 update 1 (build 106)
Hex Converter:   FromElf.exe V5.05 update 1 (build 106)
CPU DLL:         SARMCM3.DLL V5.14.0.0
Dialog DLL:      DCM.DLL V1.13.1.0
Target DLL:      STLink\ST-LINKIII-KEIL_SWO.dll V2.0.14.0_KEIL
Dialog DLL:      TCM.DLL V1.14.4.0
 
<h2>Project:</h2>
C:\Users\86183\Desktop\self\stm32f407vet6_self\MDK-ARM\stm32vet6_self.uvprojx
Project File Date:  05/02/2021

<h2>Output:</h2>
Build target 'stm32vet6_self'
compiling dianji.c...
../Core/Inc/dianji.h(6): warning:  #1295-D: Deprecated declaration Diantiao_All_Init - give arg types
  void Diantiao_All_Init();
../Core/Inc/dianji.h(7): warning:  #1295-D: Deprecated declaration Diantiao1_Init - give arg types
  void Diantiao1_Init();
../Core/Inc/dianji.h(8): warning:  #1295-D: Deprecated declaration Diantiao2_Init - give arg types
  void Diantiao2_Init();
../Core/Inc/dianji.h(9): warning:  #1295-D: Deprecated declaration Go_On - give arg types
  void Go_On();
../Core/Inc/dianji.h(10): warning:  #1295-D: Deprecated declaration Turn_Down - give arg types
  void Turn_Down();
../Core/Inc/dianji.h(11): warning:  #1295-D: Deprecated declaration Turn_High - give arg types
  void Turn_High();
../Core/Inc/dianji.h(12): warning:  #1295-D: Deprecated declaration Turn_Left - give arg types
  void Turn_Left();
../Core/Inc/dianji.h(13): warning:  #1295-D: Deprecated declaration Turn_Right - give arg types
  void Turn_Right();
../Core/Inc/dianji.h(14): warning:  #1295-D: Deprecated declaration Go_Back - give arg types
  void Go_Back();
../Core/Inc/dianji.h(15): warning:  #1295-D: Deprecated declaration Zhua_Put - give arg types
  void Zhua_Put();
../Core/Inc/dianji.h(16): warning:  #1295-D: Deprecated declaration Zhua_Catch - give arg types
  void Zhua_Catch();
../Core/Inc/dianji.h(17): warning:  #1295-D: Deprecated declaration Go_Stop - give arg types
  void Go_Stop();
../Core/Inc/dianji.h(18): warning:  #1-D: last line of file ends without a newline
  #endif
..\Core\Src\dianji.c: 13 warnings, 0 errors
compiling main.c...
../Core/Inc/dianji.h(6): warning:  #1295-D: Deprecated declaration Diantiao_All_Init - give arg types
  void Diantiao_All_Init();
../Core/Inc/dianji.h(7): warning:  #1295-D: Deprecated declaration Diantiao1_Init - give arg types
  void Diantiao1_Init();
../Core/Inc/dianji.h(8): warning:  #1295-D: Deprecated declaration Diantiao2_Init - give arg types
  void Diantiao2_Init();
../Core/Inc/dianji.h(9): warning:  #1295-D: Deprecated declaration Go_On - give arg types
  void Go_On();
../Core/Inc/dianji.h(10): warning:  #1295-D: Deprecated declaration Turn_Down - give arg types
  void Turn_Down();
../Core/Inc/dianji.h(11): warning:  #1295-D: Deprecated declaration Turn_High - give arg types
  void Turn_High();
../Core/Inc/dianji.h(12): warning:  #1295-D: Deprecated declaration Turn_Left - give arg types
  void Turn_Left();
../Core/Inc/dianji.h(13): warning:  #1295-D: Deprecated declaration Turn_Right - give arg types
  void Turn_Right();
../Core/Inc/dianji.h(14): warning:  #1295-D: Deprecated declaration Go_Back - give arg types
  void Go_Back();
../Core/Inc/dianji.h(15): warning:  #1295-D: Deprecated declaration Zhua_Put - give arg types
  void Zhua_Put();
../Core/Inc/dianji.h(16): warning:  #1295-D: Deprecated declaration Zhua_Catch - give arg types
  void Zhua_Catch();
../Core/Inc/dianji.h(17): warning:  #1295-D: Deprecated declaration Go_Stop - give arg types
  void Go_Stop();
../Core/Inc/dianji.h(18): warning:  #1-D: last line of file ends without a newline
  #endif
../Core/Src/main.c: 13 warnings, 0 errors
linking...
Program Size: Code=7176 RO-data=448 RW-data=20 ZI-data=1492  
FromELF: creating hex file...
"stm32vet6_self\stm32vet6_self.axf" - 0 Error(s), 26 Warning(s).

<h2>Software Packages used:</h2>

Package Vendor: ARM
                http://www.keil.com/pack/ARM.CMSIS.4.2.0.pack
                ARM::CMSIS:CORE:3.40.0
                CMSIS (Cortex Microcontroller Software Interface Standard)
   * Component: CORE Version: 3.40.0

<h2>Collection of Component include folders:</h2>
  C:\Users\86183\Desktop\self\stm32f407vet6_self\MDK-ARM\RTE
  C:\Keil_v5\ARM\PACK\ARM\CMSIS\4.2.0\CMSIS\Include
  C:\Keil_v5\ARM\PACK\Keil\STM32F4xx_DFP\2.11.0

<h2>Collection of Component Files used:</h2>

   * Component: ARM::CMSIS:CORE:3.40.0
      Source file:   CMSIS\UserCodeTemplates\ARM\ITM_Retarget.c
</pre>
</body>
</html>
